// Jest Snapshot v1, https://goo.gl/fbAQLP

exports[`should render correctly 1`] = `
<div>
  <h1>
    Company Icons
  </h1>
  <p>
    This page currently hosts standardised icons for 
    <strong>
      3
    </strong>
     publicly listed companies. Each icon uses a 1:1 aspect ratio, making them suitable for applications that need to display company logos as avatars / icons.
  </p>
  <p>
    To search for an icon, use the search box below by typing in the company name or ticker symbol.
  </p>
  <div
    className="react-select-virtualized css-2b097c-container"
    onKeyDown={[Function]}
  >
    <span
      aria-atomic="false"
      aria-live="polite"
      aria-relevant="additions text"
      className="css-1f43avz-a11yText-A11yText"
    />
    <div
      className=" css-yk16xz-control"
      onMouseDown={[Function]}
      onTouchEnd={[Function]}
    >
      <div
        className=" css-g1d714-ValueContainer"
      >
        <div
          className=" css-1wa3eu0-placeholder"
        >
          Select...
        </div>
        <div
          className="css-b8ldur-Input"
        >
          <div
            className=""
            style={
              {
                "display": "inline-block",
              }
            }
          >
            <input
              aria-autocomplete="list"
              autoCapitalize="none"
              autoComplete="off"
              autoCorrect="off"
              disabled={false}
              id="react-select-2-input"
              onBlur={[Function]}
              onChange={[Function]}
              onFocus={[Function]}
              spellCheck="false"
              style={
                {
                  "background": 0,
                  "border": 0,
                  "boxSizing": "content-box",
                  "color": "inherit",
                  "fontSize": "inherit",
                  "label": "input",
                  "opacity": 1,
                  "outline": 0,
                  "padding": 0,
                  "width": "1px",
                }
              }
              tabIndex="0"
              type="text"
              value=""
            />
            <div
              style={
                {
                  "height": 0,
                  "left": 0,
                  "overflow": "scroll",
                  "position": "absolute",
                  "top": 0,
                  "visibility": "hidden",
                  "whiteSpace": "pre",
                }
              }
            >
              
            </div>
          </div>
        </div>
      </div>
      <div
        className=" css-1hb7zxy-IndicatorsContainer"
      >
        <span
          className=" css-1okebmr-indicatorSeparator"
        />
        <div
          aria-hidden="true"
          className=" css-tlfecz-indicatorContainer"
          onMouseDown={[Function]}
          onTouchEnd={[Function]}
        >
          <svg
            aria-hidden="true"
            className="css-tj5bde-Svg"
            focusable="false"
            height={20}
            viewBox="0 0 20 20"
            width={20}
          >
            <path
              d="M4.516 7.548c0.436-0.446 1.043-0.481 1.576 0l3.908 3.747 3.908-3.747c0.533-0.481 1.141-0.446 1.574 0 0.436 0.445 0.408 1.197 0 1.615-0.406 0.418-4.695 4.502-4.695 4.502-0.217 0.223-0.502 0.335-0.787 0.335s-0.57-0.112-0.789-0.335c0 0-4.287-4.084-4.695-4.502s-0.436-1.17 0-1.615z"
            />
          </svg>
        </div>
      </div>
    </div>
  </div>
  <p
    className="contribution-notice"
  >
    <small>
      Found an icon that is not available here? Consider adding it by 
      <a
        href="https://github.com/RobTheFiveNine/company-icons/blob/main/CONTRIBUTING.md"
        target="_blank"
      >
        contributing to the project
      </a>
      .
    </small>
  </p>
</div>
`;

exports[`when an icon is deselected should not render an icon 1`] = `
<div>
  <h1>
    Company Icons
  </h1>
  <p>
    This page currently hosts standardised icons for 
    <strong>
      3
    </strong>
     publicly listed companies. Each icon uses a 1:1 aspect ratio, making them suitable for applications that need to display company logos as avatars / icons.
  </p>
  <p>
    To search for an icon, use the search box below by typing in the company name or ticker symbol.
  </p>
  <div
    className="react-select-virtualized css-2b097c-container"
    onKeyDown={[Function]}
  >
    <span
      aria-atomic="false"
      aria-live="polite"
      aria-relevant="additions text"
      className="css-1f43avz-a11yText-A11yText"
    />
    <div
      className=" css-yk16xz-control"
      onMouseDown={[Function]}
      onTouchEnd={[Function]}
    >
      <div
        className=" css-g1d714-ValueContainer"
      >
        <div
          className=" css-1wa3eu0-placeholder"
        >
          Select...
        </div>
        <div
          className="css-b8ldur-Input"
        >
          <div
            className=""
            style={
              {
                "display": "inline-block",
              }
            }
          >
            <input
              aria-autocomplete="list"
              autoCapitalize="none"
              autoComplete="off"
              autoCorrect="off"
              disabled={false}
              id="react-select-4-input"
              onBlur={[Function]}
              onChange={[Function]}
              onFocus={[Function]}
              spellCheck="false"
              style={
                {
                  "background": 0,
                  "border": 0,
                  "boxSizing": "content-box",
                  "color": "inherit",
                  "fontSize": "inherit",
                  "label": "input",
                  "opacity": 1,
                  "outline": 0,
                  "padding": 0,
                  "width": "1px",
                }
              }
              tabIndex="0"
              type="text"
              value=""
            />
            <div
              style={
                {
                  "height": 0,
                  "left": 0,
                  "overflow": "scroll",
                  "position": "absolute",
                  "top": 0,
                  "visibility": "hidden",
                  "whiteSpace": "pre",
                }
              }
            >
              
            </div>
          </div>
        </div>
      </div>
      <div
        className=" css-1hb7zxy-IndicatorsContainer"
      >
        <span
          className=" css-1okebmr-indicatorSeparator"
        />
        <div
          aria-hidden="true"
          className=" css-tlfecz-indicatorContainer"
          onMouseDown={[Function]}
          onTouchEnd={[Function]}
        >
          <svg
            aria-hidden="true"
            className="css-tj5bde-Svg"
            focusable="false"
            height={20}
            viewBox="0 0 20 20"
            width={20}
          >
            <path
              d="M4.516 7.548c0.436-0.446 1.043-0.481 1.576 0l3.908 3.747 3.908-3.747c0.533-0.481 1.141-0.446 1.574 0 0.436 0.445 0.408 1.197 0 1.615-0.406 0.418-4.695 4.502-4.695 4.502-0.217 0.223-0.502 0.335-0.787 0.335s-0.57-0.112-0.789-0.335c0 0-4.287-4.084-4.695-4.502s-0.436-1.17 0-1.615z"
            />
          </svg>
        </div>
      </div>
    </div>
  </div>
  <p
    className="contribution-notice"
  >
    <small>
      Found an icon that is not available here? Consider adding it by 
      <a
        href="https://github.com/RobTheFiveNine/company-icons/blob/main/CONTRIBUTING.md"
        target="_blank"
      >
        contributing to the project
      </a>
      .
    </small>
  </p>
</div>
`;

exports[`when an icon is selected should render the icon 1`] = `
<div>
  <h1>
    Company Icons
  </h1>
  <p>
    This page currently hosts standardised icons for 
    <strong>
      3
    </strong>
     publicly listed companies. Each icon uses a 1:1 aspect ratio, making them suitable for applications that need to display company logos as avatars / icons.
  </p>
  <p>
    To search for an icon, use the search box below by typing in the company name or ticker symbol.
  </p>
  <div
    className="react-select-virtualized css-2b097c-container"
    onKeyDown={[Function]}
  >
    <span
      aria-atomic="false"
      aria-live="polite"
      aria-relevant="additions text"
      className="css-1f43avz-a11yText-A11yText"
    />
    <div
      className=" css-yk16xz-control"
      onMouseDown={[Function]}
      onTouchEnd={[Function]}
    >
      <div
        className=" css-g1d714-ValueContainer"
      >
        <div
          className=" css-1wa3eu0-placeholder"
        >
          Select...
        </div>
        <div
          className="css-b8ldur-Input"
        >
          <div
            className=""
            style={
              {
                "display": "inline-block",
              }
            }
          >
            <input
              aria-autocomplete="list"
              autoCapitalize="none"
              autoComplete="off"
              autoCorrect="off"
              disabled={false}
              id="react-select-3-input"
              onBlur={[Function]}
              onChange={[Function]}
              onFocus={[Function]}
              spellCheck="false"
              style={
                {
                  "background": 0,
                  "border": 0,
                  "boxSizing": "content-box",
                  "color": "inherit",
                  "fontSize": "inherit",
                  "label": "input",
                  "opacity": 1,
                  "outline": 0,
                  "padding": 0,
                  "width": "1px",
                }
              }
              tabIndex="0"
              type="text"
              value=""
            />
            <div
              style={
                {
                  "height": 0,
                  "left": 0,
                  "overflow": "scroll",
                  "position": "absolute",
                  "top": 0,
                  "visibility": "hidden",
                  "whiteSpace": "pre",
                }
              }
            >
              
            </div>
          </div>
        </div>
      </div>
      <div
        className=" css-1hb7zxy-IndicatorsContainer"
      >
        <span
          className=" css-1okebmr-indicatorSeparator"
        />
        <div
          aria-hidden="true"
          className=" css-tlfecz-indicatorContainer"
          onMouseDown={[Function]}
          onTouchEnd={[Function]}
        >
          <svg
            aria-hidden="true"
            className="css-tj5bde-Svg"
            focusable="false"
            height={20}
            viewBox="0 0 20 20"
            width={20}
          >
            <path
              d="M4.516 7.548c0.436-0.446 1.043-0.481 1.576 0l3.908 3.747 3.908-3.747c0.533-0.481 1.141-0.446 1.574 0 0.436 0.445 0.408 1.197 0 1.615-0.406 0.418-4.695 4.502-4.695 4.502-0.217 0.223-0.502 0.335-0.787 0.335s-0.57-0.112-0.789-0.335c0 0-4.287-4.084-4.695-4.502s-0.436-1.17 0-1.615z"
            />
          </svg>
        </div>
      </div>
    </div>
  </div>
  <img
    alt="Selected Icon"
    className="selected-icon"
    src="http://localhost/test/logos/LSE-TEST.jpg"
  />
  <p
    className="contribution-notice"
  >
    <small>
      Found an icon that is not available here? Consider adding it by 
      <a
        href="https://github.com/RobTheFiveNine/company-icons/blob/main/CONTRIBUTING.md"
        target="_blank"
      >
        contributing to the project
      </a>
      .
    </small>
  </p>
</div>
`;
